[1.050s] Invoking command in '/home/altair/catchrobo2026-nuc/src/catchrobo_nuc': PYTHONPATH=/home/altair/catchrobo2026-nuc/build/catchrobo_nuc/prefix_override:/usr/lib/python3/dist-packages/colcon_core/task/python/colcon_distutils_commands:/home/altair/catchrobo2026-nuc/install/catchrobo_nuc/lib/python3.10/site-packages:${PYTHONPATH} /usr/bin/python3 -W ignore:setup.py install is deprecated -W ignore:easy_install command is deprecated setup.py egg_info --egg-base ../../build/catchrobo_nuc build --build-base /home/altair/catchrobo2026-nuc/build/catchrobo_nuc/build install --record /home/altair/catchrobo2026-nuc/build/catchrobo_nuc/install.log --install-scripts $base/lib/catchrobo_nuc --single-version-externally-managed install_data
[1.414s] running egg_info
[1.434s] writing ../../build/catchrobo_nuc/catchrobo_nuc.egg-info/PKG-INFO
[1.435s] writing dependency_links to ../../build/catchrobo_nuc/catchrobo_nuc.egg-info/dependency_links.txt
[1.435s] writing entry points to ../../build/catchrobo_nuc/catchrobo_nuc.egg-info/entry_points.txt
[1.435s] writing requirements to ../../build/catchrobo_nuc/catchrobo_nuc.egg-info/requires.txt
[1.435s] writing top-level names to ../../build/catchrobo_nuc/catchrobo_nuc.egg-info/top_level.txt
[1.478s] reading manifest file '../../build/catchrobo_nuc/catchrobo_nuc.egg-info/SOURCES.txt'
[1.479s] writing manifest file '../../build/catchrobo_nuc/catchrobo_nuc.egg-info/SOURCES.txt'
[1.479s] running build
[1.479s] running build_py
[1.480s] copying catchrobo_nuc/serial_motor_node.py -> /home/altair/catchrobo2026-nuc/build/catchrobo_nuc/build/lib/catchrobo_nuc
[1.480s] copying catchrobo_nuc/can_node.py -> /home/altair/catchrobo2026-nuc/build/catchrobo_nuc/build/lib/catchrobo_nuc
[1.480s] copying catchrobo_nuc/camera_node.py -> /home/altair/catchrobo2026-nuc/build/catchrobo_nuc/build/lib/catchrobo_nuc
[1.480s] copying catchrobo_nuc/sound_node.py -> /home/altair/catchrobo2026-nuc/build/catchrobo_nuc/build/lib/catchrobo_nuc
[1.480s] copying catchrobo_nuc/debug_node.py -> /home/altair/catchrobo2026-nuc/build/catchrobo_nuc/build/lib/catchrobo_nuc
[1.480s] copying catchrobo_nuc/__init__.py -> /home/altair/catchrobo2026-nuc/build/catchrobo_nuc/build/lib/catchrobo_nuc
[1.481s] copying catchrobo_nuc/voice/mei_normal.htsvoice -> /home/altair/catchrobo2026-nuc/build/catchrobo_nuc/build/lib/catchrobo_nuc/voice
[1.482s] copying catchrobo_nuc/voice/mei_bashful.htsvoice -> /home/altair/catchrobo2026-nuc/build/catchrobo_nuc/build/lib/catchrobo_nuc/voice
[1.483s] copying catchrobo_nuc/voice/mei_sad.htsvoice -> /home/altair/catchrobo2026-nuc/build/catchrobo_nuc/build/lib/catchrobo_nuc/voice
[1.485s] copying catchrobo_nuc/voice/mei_happy.htsvoice -> /home/altair/catchrobo2026-nuc/build/catchrobo_nuc/build/lib/catchrobo_nuc/voice
[1.486s] copying catchrobo_nuc/voice/mei_angry.htsvoice -> /home/altair/catchrobo2026-nuc/build/catchrobo_nuc/build/lib/catchrobo_nuc/voice
[1.487s] copying catchrobo_nuc/voice/tohoku-f01-neutral.htsvoice -> /home/altair/catchrobo2026-nuc/build/catchrobo_nuc/build/lib/catchrobo_nuc/voice
[1.490s] running install
[1.495s] running install_lib
[1.517s] copying /home/altair/catchrobo2026-nuc/build/catchrobo_nuc/build/lib/catchrobo_nuc/sound_node.py -> /home/altair/catchrobo2026-nuc/install/catchrobo_nuc/lib/python3.10/site-packages/catchrobo_nuc
[1.517s] byte-compiling /home/altair/catchrobo2026-nuc/install/catchrobo_nuc/lib/python3.10/site-packages/catchrobo_nuc/sound_node.py to sound_node.cpython-310.pyc
[1.519s] running install_data
[1.519s] copying resource/catchrobo_nuc -> /home/altair/catchrobo2026-nuc/install/catchrobo_nuc/share/ament_index/resource_index/packages
[1.519s] copying package.xml -> /home/altair/catchrobo2026-nuc/install/catchrobo_nuc/share/catchrobo_nuc
[1.520s] copying launch/nuc.launch.py -> /home/altair/catchrobo2026-nuc/install/catchrobo_nuc/share/catchrobo_nuc/launch
[1.520s] running install_egg_info
[1.541s] removing '/home/altair/catchrobo2026-nuc/install/catchrobo_nuc/lib/python3.10/site-packages/catchrobo_nuc-0.1.0-py3.10.egg-info' (and everything under it)
[1.542s] Copying ../../build/catchrobo_nuc/catchrobo_nuc.egg-info to /home/altair/catchrobo2026-nuc/install/catchrobo_nuc/lib/python3.10/site-packages/catchrobo_nuc-0.1.0-py3.10.egg-info
[1.542s] running install_scripts
[1.723s] Installing camera_node script to /home/altair/catchrobo2026-nuc/install/catchrobo_nuc/lib/catchrobo_nuc
[1.723s] Installing can_node script to /home/altair/catchrobo2026-nuc/install/catchrobo_nuc/lib/catchrobo_nuc
[1.723s] Installing debug_node script to /home/altair/catchrobo2026-nuc/install/catchrobo_nuc/lib/catchrobo_nuc
[1.724s] Installing serial_motor_node script to /home/altair/catchrobo2026-nuc/install/catchrobo_nuc/lib/catchrobo_nuc
[1.724s] Installing sound_node script to /home/altair/catchrobo2026-nuc/install/catchrobo_nuc/lib/catchrobo_nuc
[1.724s] writing list of installed files to '/home/altair/catchrobo2026-nuc/build/catchrobo_nuc/install.log'
[1.839s] Invoked command in '/home/altair/catchrobo2026-nuc/src/catchrobo_nuc' returned '0': PYTHONPATH=/home/altair/catchrobo2026-nuc/build/catchrobo_nuc/prefix_override:/usr/lib/python3/dist-packages/colcon_core/task/python/colcon_distutils_commands:/home/altair/catchrobo2026-nuc/install/catchrobo_nuc/lib/python3.10/site-packages:${PYTHONPATH} /usr/bin/python3 -W ignore:setup.py install is deprecated -W ignore:easy_install command is deprecated setup.py egg_info --egg-base ../../build/catchrobo_nuc build --build-base /home/altair/catchrobo2026-nuc/build/catchrobo_nuc/build install --record /home/altair/catchrobo2026-nuc/build/catchrobo_nuc/install.log --install-scripts $base/lib/catchrobo_nuc --single-version-externally-managed install_data
