[1.087s] Invoking command in '/home/altair/catchrobo2026-nuc/src/catchrobo_nuc': PYTHONPATH=/home/altair/catchrobo2026-nuc/build/catchrobo_nuc/prefix_override:/usr/lib/python3/dist-packages/colcon_core/task/python/colcon_distutils_commands:/home/altair/catchrobo2026-nuc/install/catchrobo_nuc/lib/python3.10/site-packages:${PYTHONPATH} /usr/bin/python3 -W ignore:setup.py install is deprecated -W ignore:easy_install command is deprecated setup.py egg_info --egg-base ../../build/catchrobo_nuc build --build-base /home/altair/catchrobo2026-nuc/build/catchrobo_nuc/build install --record /home/altair/catchrobo2026-nuc/build/catchrobo_nuc/install.log --single-version-externally-managed install_data
[1.227s] /home/altair/.local/lib/python3.10/site-packages/setuptools/_distutils/dist.py:261: UserWarning: Unknown distribution option: 'tests_require'
[1.227s]   warnings.warn(msg)
[1.439s] running egg_info
[1.459s] writing ../../build/catchrobo_nuc/catchrobo_nuc.egg-info/PKG-INFO
[1.460s] writing dependency_links to ../../build/catchrobo_nuc/catchrobo_nuc.egg-info/dependency_links.txt
[1.460s] writing entry points to ../../build/catchrobo_nuc/catchrobo_nuc.egg-info/entry_points.txt
[1.460s] writing requirements to ../../build/catchrobo_nuc/catchrobo_nuc.egg-info/requires.txt
[1.460s] writing top-level names to ../../build/catchrobo_nuc/catchrobo_nuc.egg-info/top_level.txt
[1.502s] reading manifest file '../../build/catchrobo_nuc/catchrobo_nuc.egg-info/SOURCES.txt'
[1.503s] writing manifest file '../../build/catchrobo_nuc/catchrobo_nuc.egg-info/SOURCES.txt'
[1.503s] running build
[1.503s] running build_py
[1.504s] copying catchrobo_nuc/serial_motor_node.py -> /home/altair/catchrobo2026-nuc/build/catchrobo_nuc/build/lib/catchrobo_nuc
[1.504s] copying catchrobo_nuc/can_node.py -> /home/altair/catchrobo2026-nuc/build/catchrobo_nuc/build/lib/catchrobo_nuc
[1.504s] copying catchrobo_nuc/debug_node.py -> /home/altair/catchrobo2026-nuc/build/catchrobo_nuc/build/lib/catchrobo_nuc
[1.504s] copying catchrobo_nuc/__init__.py -> /home/altair/catchrobo2026-nuc/build/catchrobo_nuc/build/lib/catchrobo_nuc
[1.504s] running install
[1.508s] running install_lib
[1.531s] copying /home/altair/catchrobo2026-nuc/build/catchrobo_nuc/build/lib/catchrobo_nuc/debug_node.py -> /home/altair/catchrobo2026-nuc/install/catchrobo_nuc/lib/python3.10/site-packages/catchrobo_nuc
[1.531s] byte-compiling /home/altair/catchrobo2026-nuc/install/catchrobo_nuc/lib/python3.10/site-packages/catchrobo_nuc/debug_node.py to debug_node.cpython-310.pyc
[1.533s] running install_data
[1.533s] copying resource/catchrobo_nuc -> /home/altair/catchrobo2026-nuc/install/catchrobo_nuc/share/ament_index/resource_index/packages
[1.534s] copying package.xml -> /home/altair/catchrobo2026-nuc/install/catchrobo_nuc/share/catchrobo_nuc
[1.534s] copying launch/nuc.launch.py -> /home/altair/catchrobo2026-nuc/install/catchrobo_nuc/share/catchrobo_nuc/launch
[1.534s] running install_egg_info
[1.556s] removing '/home/altair/catchrobo2026-nuc/install/catchrobo_nuc/lib/python3.10/site-packages/catchrobo_nuc-0.1.0-py3.10.egg-info' (and everything under it)
[1.556s] Copying ../../build/catchrobo_nuc/catchrobo_nuc.egg-info to /home/altair/catchrobo2026-nuc/install/catchrobo_nuc/lib/python3.10/site-packages/catchrobo_nuc-0.1.0-py3.10.egg-info
[1.557s] running install_scripts
[1.714s] Installing can_node script to /home/altair/catchrobo2026-nuc/install/catchrobo_nuc/lib/catchrobo_nuc
[1.714s] Installing debug_node script to /home/altair/catchrobo2026-nuc/install/catchrobo_nuc/lib/catchrobo_nuc
[1.714s] Installing serial_motor_node script to /home/altair/catchrobo2026-nuc/install/catchrobo_nuc/lib/catchrobo_nuc
[1.715s] writing list of installed files to '/home/altair/catchrobo2026-nuc/build/catchrobo_nuc/install.log'
[1.792s] Invoked command in '/home/altair/catchrobo2026-nuc/src/catchrobo_nuc' returned '0': PYTHONPATH=/home/altair/catchrobo2026-nuc/build/catchrobo_nuc/prefix_override:/usr/lib/python3/dist-packages/colcon_core/task/python/colcon_distutils_commands:/home/altair/catchrobo2026-nuc/install/catchrobo_nuc/lib/python3.10/site-packages:${PYTHONPATH} /usr/bin/python3 -W ignore:setup.py install is deprecated -W ignore:easy_install command is deprecated setup.py egg_info --egg-base ../../build/catchrobo_nuc build --build-base /home/altair/catchrobo2026-nuc/build/catchrobo_nuc/build install --record /home/altair/catchrobo2026-nuc/build/catchrobo_nuc/install.log --single-version-externally-managed install_data
