[1.327s] Invoking command in '/home/altair/catchrobo2026-nuc/src/catchrobo_nuc': PYTHONPATH=/home/altair/catchrobo2026-nuc/build/catchrobo_nuc/prefix_override:/usr/lib/python3/dist-packages/colcon_core/task/python/colcon_distutils_commands:/home/altair/catchrobo2026-nuc/install/catchrobo_nuc/lib/python3.10/site-packages:${PYTHONPATH} /usr/bin/python3 -W ignore:setup.py install is deprecated -W ignore:easy_install command is deprecated setup.py egg_info --egg-base ../../build/catchrobo_nuc build --build-base /home/altair/catchrobo2026-nuc/build/catchrobo_nuc/build install --record /home/altair/catchrobo2026-nuc/build/catchrobo_nuc/install.log --single-version-externally-managed install_data
[1.467s] /home/altair/.local/lib/python3.10/site-packages/setuptools/_distutils/dist.py:261: UserWarning: Unknown distribution option: 'tests_require'
[1.467s]   warnings.warn(msg)
[1.680s] running egg_info
[1.701s] creating ../../build/catchrobo_nuc/catchrobo_nuc.egg-info
[1.701s] writing ../../build/catchrobo_nuc/catchrobo_nuc.egg-info/PKG-INFO
[1.701s] writing dependency_links to ../../build/catchrobo_nuc/catchrobo_nuc.egg-info/dependency_links.txt
[1.701s] writing entry points to ../../build/catchrobo_nuc/catchrobo_nuc.egg-info/entry_points.txt
[1.701s] writing requirements to ../../build/catchrobo_nuc/catchrobo_nuc.egg-info/requires.txt
[1.702s] writing top-level names to ../../build/catchrobo_nuc/catchrobo_nuc.egg-info/top_level.txt
[1.702s] writing manifest file '../../build/catchrobo_nuc/catchrobo_nuc.egg-info/SOURCES.txt'
[1.743s] reading manifest file '../../build/catchrobo_nuc/catchrobo_nuc.egg-info/SOURCES.txt'
[1.744s] writing manifest file '../../build/catchrobo_nuc/catchrobo_nuc.egg-info/SOURCES.txt'
[1.745s] running build
[1.745s] running build_py
[1.745s] creating /home/altair/catchrobo2026-nuc/build/catchrobo_nuc/build/lib/catchrobo_nuc
[1.745s] copying catchrobo_nuc/serial_motor_node.py -> /home/altair/catchrobo2026-nuc/build/catchrobo_nuc/build/lib/catchrobo_nuc
[1.745s] copying catchrobo_nuc/can_node.py -> /home/altair/catchrobo2026-nuc/build/catchrobo_nuc/build/lib/catchrobo_nuc
[1.745s] copying catchrobo_nuc/debug_node.py -> /home/altair/catchrobo2026-nuc/build/catchrobo_nuc/build/lib/catchrobo_nuc
[1.745s] copying catchrobo_nuc/__init__.py -> /home/altair/catchrobo2026-nuc/build/catchrobo_nuc/build/lib/catchrobo_nuc
[1.745s] running install
[1.750s] running install_lib
[1.770s] creating /home/altair/catchrobo2026-nuc/install/catchrobo_nuc/lib/python3.10/site-packages/catchrobo_nuc
[1.771s] copying /home/altair/catchrobo2026-nuc/build/catchrobo_nuc/build/lib/catchrobo_nuc/serial_motor_node.py -> /home/altair/catchrobo2026-nuc/install/catchrobo_nuc/lib/python3.10/site-packages/catchrobo_nuc
[1.771s] copying /home/altair/catchrobo2026-nuc/build/catchrobo_nuc/build/lib/catchrobo_nuc/can_node.py -> /home/altair/catchrobo2026-nuc/install/catchrobo_nuc/lib/python3.10/site-packages/catchrobo_nuc
[1.771s] copying /home/altair/catchrobo2026-nuc/build/catchrobo_nuc/build/lib/catchrobo_nuc/debug_node.py -> /home/altair/catchrobo2026-nuc/install/catchrobo_nuc/lib/python3.10/site-packages/catchrobo_nuc
[1.771s] copying /home/altair/catchrobo2026-nuc/build/catchrobo_nuc/build/lib/catchrobo_nuc/__init__.py -> /home/altair/catchrobo2026-nuc/install/catchrobo_nuc/lib/python3.10/site-packages/catchrobo_nuc
[1.771s] byte-compiling /home/altair/catchrobo2026-nuc/install/catchrobo_nuc/lib/python3.10/site-packages/catchrobo_nuc/serial_motor_node.py to serial_motor_node.cpython-310.pyc
[1.772s] byte-compiling /home/altair/catchrobo2026-nuc/install/catchrobo_nuc/lib/python3.10/site-packages/catchrobo_nuc/can_node.py to can_node.cpython-310.pyc
[1.775s] byte-compiling /home/altair/catchrobo2026-nuc/install/catchrobo_nuc/lib/python3.10/site-packages/catchrobo_nuc/debug_node.py to debug_node.cpython-310.pyc
[1.777s] byte-compiling /home/altair/catchrobo2026-nuc/install/catchrobo_nuc/lib/python3.10/site-packages/catchrobo_nuc/__init__.py to __init__.cpython-310.pyc
[1.777s] running install_data
[1.777s] creating /home/altair/catchrobo2026-nuc/install/catchrobo_nuc/share/ament_index/resource_index/packages
[1.777s] copying resource/catchrobo_nuc -> /home/altair/catchrobo2026-nuc/install/catchrobo_nuc/share/ament_index/resource_index/packages
[1.778s] copying package.xml -> /home/altair/catchrobo2026-nuc/install/catchrobo_nuc/share/catchrobo_nuc
[1.778s] creating /home/altair/catchrobo2026-nuc/install/catchrobo_nuc/share/catchrobo_nuc/launch
[1.778s] running install_egg_info
[1.799s] Copying ../../build/catchrobo_nuc/catchrobo_nuc.egg-info to /home/altair/catchrobo2026-nuc/install/catchrobo_nuc/lib/python3.10/site-packages/catchrobo_nuc-0.1.0-py3.10.egg-info
[1.799s] running install_scripts
[1.958s] Installing can_node script to /home/altair/catchrobo2026-nuc/install/catchrobo_nuc/lib/catchrobo_nuc
[1.959s] Installing debug_node script to /home/altair/catchrobo2026-nuc/install/catchrobo_nuc/lib/catchrobo_nuc
[1.959s] Installing serial_motor_node script to /home/altair/catchrobo2026-nuc/install/catchrobo_nuc/lib/catchrobo_nuc
[1.959s] writing list of installed files to '/home/altair/catchrobo2026-nuc/build/catchrobo_nuc/install.log'
[2.032s] Invoked command in '/home/altair/catchrobo2026-nuc/src/catchrobo_nuc' returned '0': PYTHONPATH=/home/altair/catchrobo2026-nuc/build/catchrobo_nuc/prefix_override:/usr/lib/python3/dist-packages/colcon_core/task/python/colcon_distutils_commands:/home/altair/catchrobo2026-nuc/install/catchrobo_nuc/lib/python3.10/site-packages:${PYTHONPATH} /usr/bin/python3 -W ignore:setup.py install is deprecated -W ignore:easy_install command is deprecated setup.py egg_info --egg-base ../../build/catchrobo_nuc build --build-base /home/altair/catchrobo2026-nuc/build/catchrobo_nuc/build install --record /home/altair/catchrobo2026-nuc/build/catchrobo_nuc/install.log --single-version-externally-managed install_data
