[1.920s] Invoking command in '/home/altair/catchrobo2026-nuc/build/catchrobo_nuc': PYTHONPATH=/home/altair/catchrobo2026-nuc/build/catchrobo_nuc/prefix_override:/usr/lib/python3/dist-packages/colcon_core/task/python/colcon_distutils_commands:/home/altair/catchrobo2026-nuc/install/catchrobo_nuc/lib/python3.10/site-packages:${PYTHONPATH} /usr/bin/python3 -W ignore:setup.py install is deprecated -W ignore:easy_install command is deprecated setup.py develop --editable --build-directory /home/altair/catchrobo2026-nuc/build/catchrobo_nuc/build --no-deps symlink_data --force
[2.372s] running develop
[2.641s] running egg_info
[2.662s] writing catchrobo_nuc.egg-info/PKG-INFO
[2.662s] writing dependency_links to catchrobo_nuc.egg-info/dependency_links.txt
[2.662s] writing entry points to catchrobo_nuc.egg-info/entry_points.txt
[2.662s] writing requirements to catchrobo_nuc.egg-info/requires.txt
[2.663s] writing top-level names to catchrobo_nuc.egg-info/top_level.txt
[2.704s] reading manifest file 'catchrobo_nuc.egg-info/SOURCES.txt'
[2.706s] writing manifest file 'catchrobo_nuc.egg-info/SOURCES.txt'
[2.727s] running build_ext
[2.728s] Creating /home/altair/catchrobo2026-nuc/install/catchrobo_nuc/lib/python3.10/site-packages/catchrobo-nuc.egg-link (link to .)
[2.728s] Installing camera_node script to /home/altair/catchrobo2026-nuc/install/catchrobo_nuc/lib/catchrobo_nuc
[2.729s] Installing can_node script to /home/altair/catchrobo2026-nuc/install/catchrobo_nuc/lib/catchrobo_nuc
[2.729s] Installing debug_node script to /home/altair/catchrobo2026-nuc/install/catchrobo_nuc/lib/catchrobo_nuc
[2.729s] Installing serial_motor_node script to /home/altair/catchrobo2026-nuc/install/catchrobo_nuc/lib/catchrobo_nuc
[2.729s] Installing sound_node script to /home/altair/catchrobo2026-nuc/install/catchrobo_nuc/lib/catchrobo_nuc
[2.729s] 
[2.729s] Installed /home/altair/catchrobo2026-nuc/build/catchrobo_nuc
[2.729s] running symlink_data
[2.729s] symbolically linking /home/altair/catchrobo2026-nuc/build/catchrobo_nuc/resource/catchrobo_nuc -> /home/altair/catchrobo2026-nuc/install/catchrobo_nuc/share/ament_index/resource_index/packages
[2.730s] symbolically linking /home/altair/catchrobo2026-nuc/build/catchrobo_nuc/package.xml -> /home/altair/catchrobo2026-nuc/install/catchrobo_nuc/share/catchrobo_nuc
[2.730s] symbolically linking /home/altair/catchrobo2026-nuc/build/catchrobo_nuc/launch/nuc.launch.py -> /home/altair/catchrobo2026-nuc/install/catchrobo_nuc/share/catchrobo_nuc/launch
[2.820s] Invoked command in '/home/altair/catchrobo2026-nuc/build/catchrobo_nuc' returned '0': PYTHONPATH=/home/altair/catchrobo2026-nuc/build/catchrobo_nuc/prefix_override:/usr/lib/python3/dist-packages/colcon_core/task/python/colcon_distutils_commands:/home/altair/catchrobo2026-nuc/install/catchrobo_nuc/lib/python3.10/site-packages:${PYTHONPATH} /usr/bin/python3 -W ignore:setup.py install is deprecated -W ignore:easy_install command is deprecated setup.py develop --editable --build-directory /home/altair/catchrobo2026-nuc/build/catchrobo_nuc/build --no-deps symlink_data --force
