/home/altair/catchrobo2026-nuc/install/catchrobo_nuc/lib/python3.10/site-packages/catchrobo_nuc/serial_motor_node.py
/home/altair/catchrobo2026-nuc/install/catchrobo_nuc/lib/python3.10/site-packages/catchrobo_nuc/can_node.py
/home/altair/catchrobo2026-nuc/install/catchrobo_nuc/lib/python3.10/site-packages/catchrobo_nuc/camera_node.py
/home/altair/catchrobo2026-nuc/install/catchrobo_nuc/lib/python3.10/site-packages/catchrobo_nuc/debug_node.py
/home/altair/catchrobo2026-nuc/install/catchrobo_nuc/lib/python3.10/site-packages/catchrobo_nuc/__init__.py
/home/altair/catchrobo2026-nuc/install/catchrobo_nuc/lib/python3.10/site-packages/catchrobo_nuc/__pycache__/serial_motor_node.cpython-310.pyc
/home/altair/catchrobo2026-nuc/install/catchrobo_nuc/lib/python3.10/site-packages/catchrobo_nuc/__pycache__/can_node.cpython-310.pyc
/home/altair/catchrobo2026-nuc/install/catchrobo_nuc/lib/python3.10/site-packages/catchrobo_nuc/__pycache__/camera_node.cpython-310.pyc
/home/altair/catchrobo2026-nuc/install/catchrobo_nuc/lib/python3.10/site-packages/catchrobo_nuc/__pycache__/debug_node.cpython-310.pyc
/home/altair/catchrobo2026-nuc/install/catchrobo_nuc/lib/python3.10/site-packages/catchrobo_nuc/__pycache__/__init__.cpython-310.pyc
/home/altair/catchrobo2026-nuc/install/catchrobo_nuc/share/ament_index/resource_index/packages/catchrobo_nuc
/home/altair/catchrobo2026-nuc/install/catchrobo_nuc/share/catchrobo_nuc/package.xml
/home/altair/catchrobo2026-nuc/install/catchrobo_nuc/share/catchrobo_nuc/launch/nuc.launch.py
/home/altair/catchrobo2026-nuc/install/catchrobo_nuc/lib/python3.10/site-packages/catchrobo_nuc-0.1.0-py3.10.egg-info/PKG-INFO
/home/altair/catchrobo2026-nuc/install/catchrobo_nuc/lib/python3.10/site-packages/catchrobo_nuc-0.1.0-py3.10.egg-info/top_level.txt
/home/altair/catchrobo2026-nuc/install/catchrobo_nuc/lib/python3.10/site-packages/catchrobo_nuc-0.1.0-py3.10.egg-info/requires.txt
/home/altair/catchrobo2026-nuc/install/catchrobo_nuc/lib/python3.10/site-packages/catchrobo_nuc-0.1.0-py3.10.egg-info/entry_points.txt
/home/altair/catchrobo2026-nuc/install/catchrobo_nuc/lib/python3.10/site-packages/catchrobo_nuc-0.1.0-py3.10.egg-info/zip-safe
/home/altair/catchrobo2026-nuc/install/catchrobo_nuc/lib/python3.10/site-packages/catchrobo_nuc-0.1.0-py3.10.egg-info/dependency_links.txt
/home/altair/catchrobo2026-nuc/install/catchrobo_nuc/lib/python3.10/site-packages/catchrobo_nuc-0.1.0-py3.10.egg-info/SOURCES.txt
/home/altair/catchrobo2026-nuc/install/catchrobo_nuc/lib/catchrobo_nuc/camera_node
/home/altair/catchrobo2026-nuc/install/catchrobo_nuc/lib/catchrobo_nuc/can_node
/home/altair/catchrobo2026-nuc/install/catchrobo_nuc/lib/catchrobo_nuc/debug_node
/home/altair/catchrobo2026-nuc/install/catchrobo_nuc/lib/catchrobo_nuc/serial_motor_node
